[20:01:44] [main/INFO]: Loading Minecraft 1.21.8 with Fabric Loader 0.17.2
[20:01:45] [main/WARN]: Warnings were found!
 - Mod 'Debugify' (debugify) 1.21.8+1.0 recommends any version of yet_another_config_lib_v3, which is missing!
	 - You should install any version of yet_another_config_lib_v3 for the optimal experience.
 - Mod 'Debugify' (debugify) 1.21.8+1.0 recommends any version of modmenu, which is missing!
	 - You should install any version of modmenu for the optimal experience.
 - Mod 'Forge Config API Port' (forgeconfigapiport) 21.8.0 recommends any version of modmenu, which is missing!
	 - You should install any version of modmenu for the optimal experience.
[20:01:45] [main/INFO]: Loading 128 mods:
	- armor_3d 0.9.0
	- biomesoplenty 21.8.0.8
	   \-- net_jodah_typetools 0.6.3
	- c2me 0.3.4.0.0+1.21.8
	   |-- c2me-base 0.3.4.0.0+1.21.8
	   |-- c2me-client-uncapvd 0.3.4.0.0+1.21.8
	   |-- c2me-fixes-chunkio-threading-issues 0.3.4.0.0+1.21.8
	   |-- c2me-fixes-general-threading-issues 0.3.4.0.0+1.21.8
	   |-- c2me-fixes-worldgen-threading-issues 0.3.4.0.0+1.21.8
	   |-- c2me-fixes-worldgen-vanilla-bugs 0.3.4.0.0+1.21.8
	   |-- c2me-notickvd 0.3.4.0.0+1.21.8
	   |-- c2me-opts-allocs 0.3.4.0.0+1.21.8
	   |-- c2me-opts-chunkio 0.3.4.0.0+1.21.8
	   |-- c2me-opts-dfc 0.3.4.0.0+1.21.8
	   |-- c2me-opts-math 0.3.4.0.0+1.21.8
	   |-- c2me-opts-scheduling 0.3.4.0.0+1.21.8
	   |-- c2me-opts-worldgen-general 0.3.4.0.0+1.21.8
	   |-- c2me-opts-worldgen-vanilla 0.3.4.0.0+1.21.8
	   |-- c2me-rewrites-chunk-serializer 0.3.4.0.0+1.21.8
	   |-- c2me-rewrites-chunk-system 0.3.4.0.0+1.21.8
	   |-- c2me-rewrites-chunkio 0.3.4.0.0+1.21.8
	   |-- c2me-server-utils 0.3.4.0.0+1.21.8
	   |-- c2me-threading-lighting 0.3.4.0.0+1.21.8
	   |-- com_ibm_async_asyncutil 0.1.0
	   |-- io_reactivex_rxjava3_rxjava 3.1.8
	   |-- mixinsquared 0.2.0-beta.6
	   |-- net_objecthunter_exp4j 0.4.8
	   |-- org_jctools_jctools-core 4.0.5
	   \-- org_reactivestreams_reactive-streams 1.0.4
	- cardinal-components 7.0.0-beta.1
	   |-- cardinal-components-base 7.0.0-beta.1
	   |-- cardinal-components-block 7.0.0-beta.1
	   |-- cardinal-components-chunk 7.0.0-beta.1
	   |-- cardinal-components-entity 7.0.0-beta.1
	   |-- cardinal-components-item 7.0.0-beta.1
	   |-- cardinal-components-level 7.0.0-beta.1
	   |-- cardinal-components-scoreboard 7.0.0-beta.1
	   \-- cardinal-components-world 7.0.0-beta.1
	- chunky 1.4.40
	- cicada 0.14.2+1.21.6-and-above
	   \-- org_yaml_snakeyaml 2.2
	- cloth-config 19.0.147
	   \-- cloth-basic-math 0.6.1
	- continents 1.1.10
	- cristellib 2.0.3
	   \-- blue_endless_jankson 1.2.3
	- debugify 1.21.8+1.0
	- distanthorizons 2.3.4-b
	   |-- fabric-key-binding-api-v1 1.0.65+946bf4c3f3
	   |-- fabric-rendering-v1 12.4.0+e8d43c76f3
	   \-- fabric-screen-api-v1 2.1.0+277ecf7df3
	- entityculling 1.8.2
	- eternalnether 21.8.1
	- fabric-api 0.131.0+1.21.8
	   |-- fabric-api-base 0.5.0+cd8c0daa2c
	   |-- fabric-api-lookup-api-v1 1.6.101+946bf4c32c
	   |-- fabric-biome-api-v1 16.0.11+946bf4c32c
	   |-- fabric-block-api-v1 1.1.3+946bf4c32c
	   |-- fabric-block-view-api-v2 1.0.31+946bf4c32c
	   |-- fabric-command-api-v2 2.3.1+52fff9ec2c
	   |-- fabric-content-registries-v0 10.0.19+946bf4c32c
	   |-- fabric-convention-tags-v1 2.1.41+7f945d5b2c
	   |-- fabric-convention-tags-v2 2.15.6+eb5df52f2c
	   |-- fabric-crash-report-info-v1 0.3.15+946bf4c32c
	   |-- fabric-data-attachment-api-v1 1.8.11+946bf4c32c
	   |-- fabric-data-generation-api-v1 23.2.6+0b1ef9762c
	   |-- fabric-dimensions-v1 4.0.19+946bf4c32c
	   |-- fabric-entity-events-v1 2.1.2+c9e472732c
	   |-- fabric-events-interaction-v0 4.0.24+946bf4c32c
	   |-- fabric-game-rule-api-v1 1.0.73+c64c9c5b2c
	   |-- fabric-item-api-v1 11.5.0+02ce13f42c
	   |-- fabric-item-group-api-v1 4.2.14+c5f9bbc12c
	   |-- fabric-key-binding-api-v1 1.0.65+946bf4c32c
	   |-- fabric-lifecycle-events-v1 2.6.4+db4dfd852c
	   |-- fabric-loot-api-v2 3.0.56+3f89f5a52c
	   |-- fabric-loot-api-v3 2.0.3+946bf4c32c
	   |-- fabric-message-api-v1 6.1.2+946bf4c32c
	   |-- fabric-model-loading-api-v1 5.2.6+946bf4c32c
	   |-- fabric-networking-api-v1 5.0.2+946bf4c32c
	   |-- fabric-object-builder-api-v1 21.1.8+946bf4c32c
	   |-- fabric-particles-v1 4.1.8+946bf4c32c
	   |-- fabric-recipe-api-v1 8.1.15+946bf4c32c
	   |-- fabric-registry-sync-v0 6.1.28+946bf4c32c
	   |-- fabric-renderer-api-v1 7.0.3+208eed172c
	   |-- fabric-renderer-indigo 4.0.3+946bf4c32c
	   |-- fabric-rendering-fluids-v1 3.1.31+fa6cb72b2c
	   |-- fabric-rendering-v1 12.5.0+fbe231d52c
	   |-- fabric-resource-conditions-api-v1 5.0.25+98e6d6db2c
	   |-- fabric-resource-loader-v0 3.1.12+020423442c
	   |-- fabric-screen-api-v1 2.1.1+277ecf7d2c
	   |-- fabric-screen-handler-api-v1 1.3.137+946bf4c32c
	   |-- fabric-sound-api-v1 1.0.42+946bf4c32c
	   |-- fabric-tag-api-v1 1.2.2+946bf4c32c
	   |-- fabric-transfer-api-v1 6.0.6+946bf4c32c
	   \-- fabric-transitive-access-wideners-v1 6.4.1+ac3e15d12c
	- fabric-language-kotlin 1.13.4+kotlin.2.2.0
	   |-- org_jetbrains_kotlin_kotlin-reflect 2.2.0
	   |-- org_jetbrains_kotlin_kotlin-stdlib 2.2.0
	   |-- org_jetbrains_kotlin_kotlin-stdlib-jdk7 2.2.0
	   |-- org_jetbrains_kotlin_kotlin-stdlib-jdk8 2.2.0
	   |-- org_jetbrains_kotlinx_atomicfu-jvm 0.28.0
	   |-- org_jetbrains_kotlinx_kotlinx-coroutines-core-jvm 1.10.2
	   |-- org_jetbrains_kotlinx_kotlinx-coroutines-jdk8 1.10.2
	   |-- org_jetbrains_kotlinx_kotlinx-datetime-jvm 0.6.2
	   |-- org_jetbrains_kotlinx_kotlinx-io-bytestring-jvm 0.7.0
	   |-- org_jetbrains_kotlinx_kotlinx-io-core-jvm 0.7.0
	   |-- org_jetbrains_kotlinx_kotlinx-serialization-cbor-jvm 1.8.1
	   |-- org_jetbrains_kotlinx_kotlinx-serialization-core-jvm 1.8.1
	   \-- org_jetbrains_kotlinx_kotlinx-serialization-json-jvm 1.8.1
	- fabricloader 0.17.2
	   \-- mixinextras 0.5.0
	- ferritecore 8.0.0
	- forgeconfigapiport 21.8.0
	   |-- com_electronwill_night-config_core 3.8.2
	   \-- com_electronwill_night-config_toml 3.8.2
	- glitchcore 21.8.0.0
	   \-- net_jodah_typetools 0.6.3
	- java 21
	- journeymap 1.21.7-6.0.0-beta.53
	   |-- ar_com_hjg_pngj 2.1.0
	   |-- commonnetworking 1.0.21-1.21.7
	   \-- journeymap-api-fabric 2.0.0-1.21.7-SNAPSHOT
	- lithium 0.18.0+mc1.21.8
	- lithostitched 1.4.11
	- minecraft 1.21.8
	- mr_vanilla_structureupdate 1-v2.5
	- mss 1.3.6-1.21.8-fabric
	- mvs 4.4.6-1.21.8-fabric
	- nullscape 1.2.13
	- puzzleslib 21.8.6
	- sereneseasons 21.8.0.0
	   \-- net_jodah_typetools 0.6.3
	- skinlayers3d 1.9.0
	   |-- transition 1.0.4
	   \-- trender 1.0.6
	- t_and_t 1.13.5
	- tectonic 3.0.12
	- terrablender 6.0.0.3
	- timberfabric 1.0.2
	- toughasnails 21.8.0.0
	   \-- net_jodah_typetools 0.6.3
	- travelersbackpack 10.8.1
[20:01:46] [main/INFO]: SpongePowered MIXIN Subsystem Version=0.8.7 Source=file:/C:/Users/adamh/Downloads/DaBoyz2/DaBoyz2/libraries/net/fabricmc/sponge-mixin/0.16.3+mixin.0.8.7/sponge-mixin-0.16.3+mixin.0.8.7.jar Service=Knot/Fabric Env=SERVER
[20:01:46] [main/INFO]: Compatibility level set to JAVA_17
[20:01:46] [main/INFO]: Compatibility level set to JAVA_21
[20:01:46] [main/INFO]: Initializing com.ishland.c2me.base.mixin
[20:01:46] [main/INFO]: Global Executor Parallelism: 10 configured, 10 evaluated, 10 default evaluated
[20:01:46] [main/INFO]: Initializing com.ishland.c2me.fixes.chunkio.threading_issues.mixin
[20:01:46] [main/INFO]: Initializing com.ishland.c2me.fixes.general.threading_issues.mixin
[20:01:46] [main/INFO]: Initializing com.ishland.c2me.fixes.worldgen.threading_issues.mixin
[20:01:46] [main/INFO]: Initializing com.ishland.c2me.fixes.worldgen.vanilla_bugs.mixin
[20:01:46] [main/INFO]: Initializing com.ishland.c2me.notickvd.mixin
[20:01:46] [main/INFO]: Initializing com.ishland.c2me.opts.allocs.mixin
[20:01:46] [main/INFO]: Initializing com.ishland.c2me.opts.chunkio.mixin
[20:01:46] [main/INFO]: Initializing com.ishland.c2me.opts.dfc.mixin
[20:01:46] [main/INFO]: Initializing com.ishland.c2me.opts.math.mixin
[20:01:46] [main/INFO]: Initializing com.ishland.c2me.opts.scheduling.mixin
[20:01:46] [main/INFO]: Initializing com.ishland.c2me.opts.worldgen.general.mixin
[20:01:46] [main/INFO]: Initializing com.ishland.c2me.opts.worldgen.vanilla.mixin
[20:01:46] [main/INFO]: Initializing com.ishland.c2me.rewrites.chunk_serializer.mixin
[20:01:46] [main/INFO]: Disabling com.ishland.c2me.rewrites.chunk_serializer.mixin
[20:01:46] [main/INFO]: Initializing com.ishland.c2me.rewrites.chunksystem.mixin
[20:01:46] [main/INFO]: Initializing com.ishland.c2me.rewrites.chunkio.mixin
[20:01:46] [main/INFO]: Initializing com.ishland.c2me.server.utils.mixin
[20:01:46] [main/INFO]: Initializing com.ishland.c2me.threading.lighting.mixin
[20:01:46] [main/WARN]: Reference map 'cristellib-common-common-refmap.json' for cristellib-common.mixins.json could not be read. If this is a development environment you can ignore this message
[20:01:46] [main/WARN]: Reference map 'eternalnether.fabric.refmap.json' for eternalnether.fabric.mixins.json could not be read. If this is a development environment you can ignore this message
[20:01:46] [main/WARN]: Reference map 'forgeconfigapiport.common.refmap.json' for forgeconfigapiport.common.mixins.json could not be read. If this is a development environment you can ignore this message
[20:01:46] [main/WARN]: Reference map 'journeymap-refmap.json' for journeymap.mixins.json could not be read. If this is a development environment you can ignore this message
[20:01:46] [main/WARN]: Reference map 'journeymap-refmap.json' for journeymap.fabric.mixins.json could not be read. If this is a development environment you can ignore this message
[20:01:46] [main/WARN]: Mod 'ferritecore' attempted to override option 'mixin.alloc.blockstate', which doesn't exist, ignoring
[20:01:46] [main/INFO]: Loaded configuration file for Lithium: 160 options available, 0 override(s) found.
[20:01:46] [main/WARN]: Error loading class: ca/spottedleaf/starlight/common/thread/SchedulingUtil (java.lang.ClassNotFoundException: ca/spottedleaf/starlight/common/thread/SchedulingUtil)
[20:01:47] [main/WARN]: Error loading class: net/minecraft/class_938 (java.lang.ClassNotFoundException: net/minecraft/class_938)
[20:01:47] [main/WARN]: @Mixin target net.minecraft.class_938 was not found journeymap.mixins.json:client.SalmonRendererInvoker from mod journeymap
[20:01:47] [main/WARN]: Error loading class: net/fabricmc/fabric/api/client/rendering/v1/EntityModelLayerRegistry$TexturedModelDataProvider (java.lang.ClassNotFoundException: net/fabricmc/fabric/api/client/rendering/v1/EntityModelLayerRegistry$TexturedModelDataProvider)
[20:01:47] [main/INFO]: Initializing MixinExtras via com.llamalad7.mixinextras.service.MixinExtrasServiceImpl(version=0.5.0).
[20:02:05] [main/INFO]: Enabled 58 bug fixes: [MC-2025, MC-7569, MC-8187, MC-30391, MC-69216, MC-82263, MC-84661, MC-88371, MC-89146, MC-93018, MC-94054, MC-100991, MC-119417, MC-119754, MC-121706, MC-121903, MC-123450, MC-123605, MC-129909, MC-132878, MC-134110, MC-136249, MC-139041, MC-147659, MC-147784, MC-155509, MC-159283, MC-160095, MC-168573, MC-170462, MC-176806, MC-177831, MC-179072, MC-183990, MC-187100, MC-199467, MC-200418, MC-201374, MC-202637, MC-206922, MC-215530, MC-219981, MC-221257, MC-223153, MC-224729, MC-226961, MC-227008, MC-227337, MC-231743, MC-232869, MC-245394, MC-267125, MC-268617, MC-271899, MC-272431, MC-297837, MC-298066, MC-299115]
[20:02:05] [main/INFO]: Successfully Debugify'd your game!
[20:02:05] [main/INFO]: Constructing components for eternalnether:common
[20:02:06] [Cicada thread 0/INFO]: [cicada] I used the JSON to destroy the JSON.
[20:02:07] [main/INFO]: Registered synced config with path sereneseasons/fertility.toml
[20:02:07] [main/INFO]: Registered synced config with path sereneseasons/seasons.toml
[20:02:07] [main/INFO]: Registered synced config with path toughasnails/thirst.toml
[20:02:07] [main/INFO]: Registered synced config with path toughasnails/temperature.toml
[20:02:07] [main/INFO]: Serene Seasons detected. Enabling season modifier.
[20:02:08] [main/INFO]: Initializing ServerSide Packet Registries
[20:02:08] [main/INFO]: Constructing components for puzzleslib:common
[20:02:08] [main/INFO]: Registered region minecraft:overworld to index 0 for type OVERWORLD
[20:02:08] [main/INFO]: Registered region minecraft:nether to index 0 for type NETHER
[20:02:08] [main/INFO]: Registered region biomesoplenty:overworld_primary to index 1 for type OVERWORLD
[20:02:08] [main/INFO]: Registered region biomesoplenty:overworld_secondary to index 2 for type OVERWORLD
[20:02:08] [main/INFO]: Registered region biomesoplenty:overworld_rare to index 3 for type OVERWORLD
[20:02:08] [main/INFO]: Registered region biomesoplenty:nether_common to index 1 for type NETHER
[20:02:08] [main/INFO]: Registered region biomesoplenty:nether_rare to index 2 for type NETHER
[20:02:09] [main/INFO]: Registered the FluidEffect with Unique ID of minecraft:water for Water (Fluid Amount Required: 81000) with the ID 0
[20:02:09] [main/INFO]: Registered the FluidEffect with Unique ID of minecraft:lava for Lava (Fluid Amount Required: 81000) with the ID 1
[20:02:09] [main/INFO]: Registered the FluidEffect with Unique ID of travelersbackpack:potion for block.travelersbackpack.potion_still (Fluid Amount Required: 27000) with the ID 2
[20:02:09] [main/INFO]: Registered the FluidEffect with Unique ID of minecraft:milk for Air (Fluid Amount Required: 81000) with the ID 3
[20:02:09] [main/INFO]: Registered the FluidEffect with Unique ID of toughasnails:potion for block.travelersbackpack.potion_still (Fluid Amount Required: 27000) with the ID 4
[20:02:09] [main/INFO]: Registered the FluidEffect with Unique ID of toughasnails:water_canteen for Water (Fluid Amount Required: 200) with the ID 5
[20:02:09] [main/INFO]: Registered the FluidEffect with Unique ID of toughasnails:water for Water (Fluid Amount Required: 81000) with the ID 6
[20:02:09] [main/INFO]: Initializing Distant Horizons server, firing DhApiBeforeDhInitEvent event...
[20:02:09] [main/INFO]: Distant Horizons, Version: 2.3.4-b
[20:02:09] [main/INFO]: Registering Fabric Server Events
[20:02:09] [main/INFO]: Distant Horizons server Initialized, adding event subscribers...
[20:02:10] [main/INFO]: Environment: Environment[sessionHost=https://sessionserver.mojang.com, servicesHost=https://api.minecraftservices.com, name=PROD]
[20:02:16] [main/INFO]: Loaded 1943 recipes
[20:02:16] [main/INFO]: Loaded 2053 advancements
[20:02:18] [main/INFO]: Initialized TerraBlender biomes for level stem minecraft:overworld
[20:02:18] [main/INFO]: Initialized TerraBlender biomes for level stem minecraft:the_nether
[20:02:18] [main/INFO]: Applied 1 biome modifications to 1 of 136 new biomes in 24.43 ms
[20:02:19] [Server thread/INFO]: Initialising config for DistantHorizons
[20:02:19] [Server thread/INFO]: Config for DistantHorizons initialised
[20:02:19] [Server thread/INFO]: Running Delayed setup...
[20:02:19] [Server thread/INFO]: Delayed setup complete, firing DhApiAfterDhInitEvent event...
[20:02:19] [Server thread/INFO]: Checking for Distant Horizons update
[20:02:20] [Server thread/INFO]: Distant Horizons already up to date.
[20:02:20] [Server thread/INFO]: Distant Horizons server Initialized at 
[20:02:20] [Server thread/INFO]: Started [DhServerWorld] of type [SERVER_ONLY].
[20:02:20] [Server thread/INFO]: Starting minecraft server version 1.21.8
[20:02:20] [Server thread/INFO]: Loading properties
[20:02:20] [Server thread/INFO]: Default game type: SURVIVAL
[20:02:20] [Server thread/INFO]: Generating keypair
[20:02:20] [Server thread/INFO]: Starting Minecraft server on 100.121.112.67:25565
[20:02:21] [Server thread/INFO]: Using default channel type
[20:02:21] [Server thread/WARN]: **** SERVER IS RUNNING IN OFFLINE/INSECURE MODE!
[20:02:21] [Server thread/WARN]: The server will make no attempt to authenticate usernames. Beware.
[20:02:21] [Server thread/WARN]: While this makes the game possible to play without internet access, it also opens up the ability for hackers to connect with any username they choose.
[20:02:21] [Server thread/WARN]: To change this, set "online-mode" to "true" in the server.properties file.
[20:02:21] [Server thread/INFO]: Preparing level "world"
[20:02:21] [Server thread/INFO]: Enforcing safe world random access
[20:02:22] [DH-ApplyConfigPresetTimer/INFO]: changing preset to: BALANCED
[20:02:22] [DH-ApplyConfigPresetTimer/INFO]: changing preset to: MEDIUM
[20:02:22] [DH-ApplyConfigPresetTimer/INFO]: preset active: BALANCED
[20:02:22] [DH-ApplyConfigPresetTimer/INFO]: preset active: MEDIUM
[20:02:24] [Server thread/INFO]: [STDOUT]: Density function compilation finished in 1.988 s
[20:02:24] [Server thread/INFO]: Using TheSpeedyObjectFactory with Unsafe
[20:02:25] [DH-Full Data Migration Thread[0]/INFO]: Attempting to migrate data sources for: [minecraft:overworld]-[.\world\data]...
[20:02:25] [DH-Full Data Migration Thread[0]/INFO]: Found [0] data sources that need migration.
[20:02:25] [Server thread/INFO]: Started DhServerLevel for [Wrapped{ServerLevel[world]@minecraft:overworld}] at [[LocalSaveStructure@(.\world\data)]].
[20:02:25] [DH-Full Data Migration Thread[0]/INFO]: No migration necessary.
[20:02:26] [Server thread/INFO]: [STDOUT]: Density function compilation finished in 754.6 ms
[20:02:26] [Server thread/INFO]: Started DhServerLevel for [Wrapped{ServerLevel[world]@minecraft:the_end}] at [[LocalSaveStructure@(.\world\data;.\world\DIM1\data)]].
[20:02:26] [DH-Full Data Migration Thread[0]/INFO]: Attempting to migrate data sources for: [minecraft:the_end]-[.\world\DIM1\data]...
[20:02:26] [DH-Full Data Migration Thread[0]/INFO]: Found [0] data sources that need migration.
[20:02:26] [DH-Full Data Migration Thread[0]/INFO]: No migration necessary.
[20:02:26] [Server thread/INFO]: [STDOUT]: Density function compilation finished in 14.08 ms
[20:02:26] [DH-Full Data Migration Thread[0]/INFO]: Attempting to migrate data sources for: [minecraft:the_nether]-[.\world\DIM-1\data]...
[20:02:26] [DH-Full Data Migration Thread[0]/INFO]: Found [0] data sources that need migration.
[20:02:26] [DH-Full Data Migration Thread[0]/INFO]: No migration necessary.
[20:02:26] [Server thread/INFO]: Started DhServerLevel for [Wrapped{ServerLevel[world]@minecraft:the_nether}] at [[LocalSaveStructure@(.\world\data;.\world\DIM1\data;.\world\DIM-1\data)]].
[20:02:26] [Server thread/INFO]: Preparing start region for dimension minecraft:overworld
[20:02:30] [c2me-worker-3/INFO]: Preparing spawn area: 0%
[20:02:30] [c2me-worker-3/INFO]: Preparing spawn area: 0%
[20:02:30] [c2me-worker-3/INFO]: Preparing spawn area: 0%
[20:02:30] [c2me-worker-3/INFO]: Preparing spawn area: 0%
[20:02:30] [c2me-worker-3/INFO]: Preparing spawn area: 0%
[20:02:30] [c2me-worker-3/INFO]: Preparing spawn area: 0%
[20:02:30] [c2me-worker-3/INFO]: Preparing spawn area: 0%
[20:02:30] [c2me-worker-0/INFO]: Preparing spawn area: 0%
[20:02:30] [Server thread/INFO]: Preparing spawn area: 2%
[20:02:31] [c2me-worker-9/INFO]: Preparing spawn area: 24%
[20:02:31] [Server thread/INFO]: Time elapsed: 5015 ms
[20:02:31] [Server thread/INFO]: Done (10.201s)! For help, type "help"
[20:02:31] [Server thread/INFO]: Loaded null for service interface journeymap.api.services.WebMapService
[20:02:31] [Server thread/INFO]: Loaded journeymap.common.helpers.FabricClientHooks@1c6e137e for service interface journeymap.api.services.ClientPlatformService
[20:02:31] [Server thread/INFO]: Loaded journeymap.common.helpers.FabricHooks@663d8eda for service interface journeymap.api.services.CommonPlatformService
[20:02:32] [Server thread/INFO]: DH TerraFirmaCraft detection: false
[20:02:32] [Server thread/INFO]: ================WORLD_GEN_STEP_INITING=============
[20:02:32] [Server thread/INFO]: C2ME detected: DH's pre-existing chunk accessing will use methods handled by C2ME.
[20:02:32] [Server thread/INFO]: Batch Chunk Generator initialized
[20:02:32] [Server thread/INFO]: Creating world gen queue
[20:02:32] [Server thread/INFO]: Created world gen queue
[20:02:32] [Server thread/INFO]: Set world gen queue for level [minecraft:overworld].
[20:02:32] [Server thread/INFO]: ================WORLD_GEN_STEP_INITING=============
[20:02:32] [Server thread/INFO]: C2ME detected: DH's pre-existing chunk accessing will use methods handled by C2ME.
[20:02:32] [Server thread/INFO]: Batch Chunk Generator initialized
[20:02:32] [Server thread/INFO]: Creating world gen queue
[20:02:32] [Server thread/INFO]: Created world gen queue
[20:02:32] [Server thread/INFO]: Set world gen queue for level [minecraft:the_end].
[20:02:32] [Server thread/INFO]: ================WORLD_GEN_STEP_INITING=============
[20:02:32] [Server thread/INFO]: C2ME detected: DH's pre-existing chunk accessing will use methods handled by C2ME.
[20:02:32] [Server thread/INFO]: Batch Chunk Generator initialized
[20:02:32] [Server thread/INFO]: Creating world gen queue
[20:02:32] [Server thread/INFO]: Created world gen queue
[20:02:32] [Server thread/INFO]: Set world gen queue for level [minecraft:the_nether].
[20:02:56] [Server thread/INFO]: Storyseek3r[/100.121.112.67:8697] logged in with entity id 66 at (-73.10709538932744, 176.0625, -52.217714664229106)
[20:02:56] [Server thread/INFO]: Loading config from file...
[20:02:56] [Server thread/INFO]: Player [Storyseek3r] joined.
[20:02:56] [Server thread/INFO]: Storyseek3r joined the game
[20:02:58] [Server thread/WARN]: Can't keep up! Is the server overloaded? Running 2141ms or 42 ticks behind
[20:03:49] [Server thread/WARN]: Can't keep up! Is the server overloaded? Running 3367ms or 67 ticks behind
[20:04:58] [Netty Server IO #3/INFO]: Player [Storyseek3r] disconnected.
[20:04:58] [Server thread/INFO]: Storyseek3r lost connection: Disconnected
[20:04:58] [Server thread/INFO]: Storyseek3r left the game
[20:05:08] [Server thread/INFO]: Stopping server
[20:05:08] [Server thread/INFO]: Saving players
[20:05:08] [Server thread/INFO]: Saving worlds
[20:05:08] [Server thread/INFO]: ServerLevel[world]/minecraft:overworld: waiting for 841 chunks to unload
[20:05:08] [Server thread/INFO]: Saving chunks for level 'ServerLevel[world]'/minecraft:overworld
[20:05:08] [Server thread/INFO]: Saving chunks for level 'ServerLevel[world]'/minecraft:the_end
[20:05:08] [Server thread/INFO]: Saving chunks for level 'ServerLevel[world]'/minecraft:the_nether
[20:05:09] [Server thread/INFO]: ThreadedAnvilChunkStorage (world): All chunks are saved
[20:05:09] [Server thread/INFO]: ThreadedAnvilChunkStorage (DIM1): All chunks are saved
[20:05:09] [Server thread/INFO]: ThreadedAnvilChunkStorage (DIM-1): All chunks are saved
[20:05:09] [Server thread/INFO]: ThreadedAnvilChunkStorage: All dimensions are saved
[20:05:09] [Server thread/INFO]: Unloading level DhServerLevel{kres65g4ec4s6@minecraft:overworld} 
[20:05:09] [Server thread/INFO]: Closing world gen queue
[20:05:09] [Server thread/INFO]: Closing WorldGenerationQueue...
[20:05:09] [Server thread/INFO]: Awaiting world generator thread pool termination...
[20:05:09] [Server thread/WARN]: World generator thread pool shutdown didn't complete after [3] seconds. Some world generator requests may still be running.
[20:05:09] [Server thread/INFO]: BatchGenerator shutting down...
[20:05:09] [Server thread/INFO]: BatchGenerationEnvironment shutting down...
[20:05:09] [Server thread/INFO]: Canceling in progress generation event futures...
[20:05:09] [Server thread/INFO]: BatchGenerationEnvironment shutdown complete.
[20:05:09] [Server thread/INFO]: Finished closing WorldGenerationQueue
[20:05:09] [Server thread/INFO]: Closing [GeneratedFullDataSourceProvider] for level: [DhServerLevel{kres65g4ec4s6@minecraft:overworld}].
[20:05:09] [Server thread/INFO]: Closing [FullDataSourceProviderV1] for level: [DhServerLevel{kres65g4ec4s6@minecraft:overworld}].
[20:05:09] [DH-Parent Update Queue [minecraft:overworld] Thread[0]/INFO]: Update thread [DH-Parent Update Queue [minecraft:overworld] Thread[0]] terminated.
[20:05:09] [Server thread/INFO]: Closing database connection: [jdbc:dh_sqlite:.\world\data\DistantHorizons.sqlite]...
[20:05:09] [Server thread/INFO]: Finished closing database connection: [jdbc:dh_sqlite:.\world\data\DistantHorizons.sqlite]
[20:05:09] [Server thread/INFO]: Closed DHLevel for [Wrapped{ServerLevel[world]@minecraft:overworld}].
[20:05:09] [Server thread/INFO]: Closing [GeneratedFullDataSourceProvider] for level: [DhServerLevel{kres65g4ec4s6@minecraft:overworld}].
[20:05:09] [Server thread/INFO]: Closing [FullDataSourceProviderV1] for level: [DhServerLevel{kres65g4ec4s6@minecraft:overworld}].
[20:05:09] [Server thread/INFO]: Closed DHLevel for [Wrapped{ServerLevel[world]@minecraft:overworld}].
[20:05:09] [C2ME Storage #3/INFO]: Storage thread Thread[#113,C2ME Storage #3,8,main] stopped
[20:05:09] [C2ME Storage #2/INFO]: Storage thread Thread[#112,C2ME Storage #2,8,main] stopped
[20:05:09] [Server thread/INFO]: Unloading level DhServerLevel{kres65g4ec4s6@minecraft:the_end} 
[20:05:09] [C2ME Storage #1/INFO]: Storage thread Thread[#111,C2ME Storage #1,8,main] stopped
[20:05:09] [Server thread/INFO]: Closing world gen queue
[20:05:09] [Server thread/INFO]: Closing WorldGenerationQueue...
[20:05:09] [Server thread/INFO]: Awaiting world generator thread pool termination...
[20:05:09] [Server thread/WARN]: World generator thread pool shutdown didn't complete after [3] seconds. Some world generator requests may still be running.
[20:05:09] [Server thread/INFO]: BatchGenerator shutting down...
[20:05:09] [Server thread/INFO]: BatchGenerationEnvironment shutting down...
[20:05:09] [Server thread/INFO]: Canceling in progress generation event futures...
[20:05:09] [Server thread/INFO]: BatchGenerationEnvironment shutdown complete.
[20:05:09] [Server thread/INFO]: Finished closing WorldGenerationQueue
[20:05:09] [Server thread/INFO]: Closing [GeneratedFullDataSourceProvider] for level: [DhServerLevel{kres65g4ec4s6@minecraft:the_end}].
[20:05:09] [Server thread/INFO]: Closing [FullDataSourceProviderV1] for level: [DhServerLevel{kres65g4ec4s6@minecraft:the_end}].
[20:05:09] [DH-Parent Update Queue [minecraft:the_end] Thread[0]/INFO]: Update thread [DH-Parent Update Queue [minecraft:the_end] Thread[0]] terminated.
[20:05:09] [Server thread/INFO]: Closing database connection: [jdbc:dh_sqlite:.\world\DIM1\data\DistantHorizons.sqlite]...
[20:05:09] [Server thread/INFO]: Finished closing database connection: [jdbc:dh_sqlite:.\world\DIM1\data\DistantHorizons.sqlite]
[20:05:09] [Server thread/INFO]: Closed DHLevel for [Wrapped{ServerLevel[world]@minecraft:the_end}].
[20:05:10] [Server thread/INFO]: Closing [GeneratedFullDataSourceProvider] for level: [DhServerLevel{kres65g4ec4s6@minecraft:the_end}].
[20:05:10] [Server thread/INFO]: Closing [FullDataSourceProviderV1] for level: [DhServerLevel{kres65g4ec4s6@minecraft:the_end}].
[20:05:10] [Server thread/INFO]: Closed DHLevel for [Wrapped{ServerLevel[world]@minecraft:the_end}].
[20:05:10] [C2ME Storage #6/INFO]: Storage thread Thread[#129,C2ME Storage #6,8,main] stopped
[20:05:10] [C2ME Storage #5/INFO]: Storage thread Thread[#128,C2ME Storage #5,8,main] stopped
[20:05:10] [Server thread/INFO]: Unloading level DhServerLevel{kres65g4ec4s6@minecraft:the_nether} 
[20:05:10] [C2ME Storage #4/INFO]: Storage thread Thread[#127,C2ME Storage #4,8,main] stopped
[20:05:10] [Server thread/INFO]: Closing world gen queue
[20:05:10] [Server thread/INFO]: Closing WorldGenerationQueue...
[20:05:10] [Server thread/INFO]: Awaiting world generator thread pool termination...
[20:05:10] [Server thread/WARN]: World generator thread pool shutdown didn't complete after [3] seconds. Some world generator requests may still be running.
[20:05:10] [Server thread/INFO]: BatchGenerator shutting down...
[20:05:10] [Server thread/INFO]: BatchGenerationEnvironment shutting down...
[20:05:10] [Server thread/INFO]: Canceling in progress generation event futures...
[20:05:10] [Server thread/INFO]: BatchGenerationEnvironment shutdown complete.
[20:05:10] [Server thread/INFO]: Finished closing WorldGenerationQueue
[20:05:10] [Server thread/INFO]: Closing [GeneratedFullDataSourceProvider] for level: [DhServerLevel{kres65g4ec4s6@minecraft:the_nether}].
[20:05:10] [Server thread/INFO]: Closing [FullDataSourceProviderV1] for level: [DhServerLevel{kres65g4ec4s6@minecraft:the_nether}].
[20:05:10] [DH-Parent Update Queue [minecraft:the_nether] Thread[0]/INFO]: Update thread [DH-Parent Update Queue [minecraft:the_nether] Thread[0]] terminated.
[20:05:10] [Server thread/INFO]: Closing database connection: [jdbc:dh_sqlite:.\world\DIM-1\data\DistantHorizons.sqlite]...
[20:05:10] [Server thread/INFO]: Finished closing database connection: [jdbc:dh_sqlite:.\world\DIM-1\data\DistantHorizons.sqlite]
[20:05:10] [Server thread/INFO]: Closed DHLevel for [Wrapped{ServerLevel[world]@minecraft:the_nether}].
[20:05:10] [Server thread/INFO]: Closing [GeneratedFullDataSourceProvider] for level: [DhServerLevel{kres65g4ec4s6@minecraft:the_nether}].
[20:05:10] [Server thread/INFO]: Closing [FullDataSourceProviderV1] for level: [DhServerLevel{kres65g4ec4s6@minecraft:the_nether}].
[20:05:10] [Server thread/INFO]: Closed DHLevel for [Wrapped{ServerLevel[world]@minecraft:the_nether}].
[20:05:10] [C2ME Storage #9/INFO]: Storage thread Thread[#133,C2ME Storage #9,8,main] stopped
[20:05:10] [C2ME Storage #8/INFO]: Storage thread Thread[#132,C2ME Storage #8,8,main] stopped
[20:05:10] [C2ME Storage #7/INFO]: Storage thread Thread[#131,C2ME Storage #7,8,main] stopped
[20:05:10] [Server thread/INFO]: Closed DhWorld of type [SERVER_ONLY].
[20:05:10] [Server thread/INFO]: Closed DhWorld of type [SERVER_ONLY].
[20:05:10] [Server thread/INFO]: Shutting down PriorityTaskPicker thread pool...
[20:05:12] [Server thread/INFO]: Closing all [0] database connections...
